21-Jan-2025 00:00:02.572 INFOS [main] org.apache.catalina.startup.VersionLoggerListener.log Nom version serveur :              Apache Tomcat/9.0.98
21-Jan-2025 00:00:02.575 INFOS [main] org.apache.catalina.startup.VersionLoggerListener.log Serveur compilé :                  Dec 5 2024 19:50:29 UTC
21-Jan-2025 00:00:02.575 INFOS [main] org.apache.catalina.startup.VersionLoggerListener.log Version du serveur :               9.0.98.0
21-Jan-2025 00:00:02.575 INFOS [main] org.apache.catalina.startup.VersionLoggerListener.log Nom de l'OS :                      Windows 11
21-Jan-2025 00:00:02.575 INFOS [main] org.apache.catalina.startup.VersionLoggerListener.log Version OS :                       10.0
21-Jan-2025 00:00:02.576 INFOS [main] org.apache.catalina.startup.VersionLoggerListener.log Architecture :                     x86
21-Jan-2025 00:00:02.576 INFOS [main] org.apache.catalina.startup.VersionLoggerListener.log Java Home :                        C:\Program Files (x86)\Java\jre1.8.0_431
21-Jan-2025 00:00:02.577 INFOS [main] org.apache.catalina.startup.VersionLoggerListener.log Version JVM :                      1.8.0_431-b10
21-Jan-2025 00:00:02.577 INFOS [main] org.apache.catalina.startup.VersionLoggerListener.log Fournisseur de la JVM :            Oracle Corporation
21-Jan-2025 00:00:02.577 INFOS [main] org.apache.catalina.startup.VersionLoggerListener.log CATALINA_BASE :                    C:\Users\jwake\Desktop\cnam\info\java\apache-tomcat-9.0.98
21-Jan-2025 00:00:02.577 INFOS [main] org.apache.catalina.startup.VersionLoggerListener.log CATALINA_HOME :                    C:\Users\jwake\Desktop\cnam\info\java\apache-tomcat-9.0.98
21-Jan-2025 00:00:02.578 INFOS [main] org.apache.catalina.startup.VersionLoggerListener.log Argument de la ligne de commande : -Djava.util.logging.config.file=C:\Users\jwake\Desktop\cnam\info\java\apache-tomcat-9.0.98\conf\logging.properties
21-Jan-2025 00:00:02.578 INFOS [main] org.apache.catalina.startup.VersionLoggerListener.log Argument de la ligne de commande : -Djava.util.logging.manager=org.apache.juli.ClassLoaderLogManager
21-Jan-2025 00:00:02.579 INFOS [main] org.apache.catalina.startup.VersionLoggerListener.log Argument de la ligne de commande : -Djdk.tls.ephemeralDHKeySize=2048
21-Jan-2025 00:00:02.579 INFOS [main] org.apache.catalina.startup.VersionLoggerListener.log Argument de la ligne de commande : -Djava.protocol.handler.pkgs=org.apache.catalina.webresources
21-Jan-2025 00:00:02.579 INFOS [main] org.apache.catalina.startup.VersionLoggerListener.log Argument de la ligne de commande : -Dignore.endorsed.dirs=
21-Jan-2025 00:00:02.580 INFOS [main] org.apache.catalina.startup.VersionLoggerListener.log Argument de la ligne de commande : -Dcatalina.base=C:\Users\jwake\Desktop\cnam\info\java\apache-tomcat-9.0.98
21-Jan-2025 00:00:02.580 INFOS [main] org.apache.catalina.startup.VersionLoggerListener.log Argument de la ligne de commande : -Dcatalina.home=C:\Users\jwake\Desktop\cnam\info\java\apache-tomcat-9.0.98
21-Jan-2025 00:00:02.580 INFOS [main] org.apache.catalina.startup.VersionLoggerListener.log Argument de la ligne de commande : -Djava.io.tmpdir=C:\Users\jwake\Desktop\cnam\info\java\apache-tomcat-9.0.98\temp
21-Jan-2025 00:00:02.583 AVERTISSEMENT [main] org.apache.catalina.core.AprLifecycleListener.init La librairie Apache Tomcat Native basée sur APR n'a pas pu être chargée, l'erreur retournée est [C:\Users\jwake\Desktop\cnam\info\java\apache-tomcat-9.0.98\bin\tcnative-1.dll: Can't load AMD 64-bit .dll on a IA 32-bit platform]
	java.lang.UnsatisfiedLinkError: C:\Users\jwake\Desktop\cnam\info\java\apache-tomcat-9.0.98\bin\tcnative-1.dll: Can't load AMD 64-bit .dll on a IA 32-bit platform
		at java.lang.ClassLoader$NativeLibrary.load(Native Method)
		at java.lang.ClassLoader.loadLibrary0(Unknown Source)
		at java.lang.ClassLoader.loadLibrary(Unknown Source)
		at java.lang.Runtime.load0(Unknown Source)
		at java.lang.System.load(Unknown Source)
		at org.apache.tomcat.jni.Library.<init>(Library.java:49)
		at org.apache.tomcat.jni.Library.initialize(Library.java:260)
		at org.apache.catalina.core.AprLifecycleListener.init(AprLifecycleListener.java:212)
		at org.apache.catalina.core.AprLifecycleListener.lifecycleEvent(AprLifecycleListener.java:143)
		at org.apache.catalina.util.LifecycleBase.fireLifecycleEvent(LifecycleBase.java:109)
		at org.apache.catalina.util.LifecycleBase.setStateInternal(LifecycleBase.java:389)
		at org.apache.catalina.util.LifecycleBase.init(LifecycleBase.java:121)
		at org.apache.catalina.startup.Catalina.load(Catalina.java:690)
		at org.apache.catalina.startup.Catalina.load(Catalina.java:713)
		at sun.reflect.NativeMethodAccessorImpl.invoke0(Native Method)
		at sun.reflect.NativeMethodAccessorImpl.invoke(Unknown Source)
		at sun.reflect.DelegatingMethodAccessorImpl.invoke(Unknown Source)
		at java.lang.reflect.Method.invoke(Unknown Source)
		at org.apache.catalina.startup.Bootstrap.load(Bootstrap.java:302)
		at org.apache.catalina.startup.Bootstrap.main(Bootstrap.java:472)
21-Jan-2025 00:00:02.875 INFOS [main] org.apache.coyote.AbstractProtocol.init Initialisation du gestionnaire de protocole ["http-nio-8080"]
21-Jan-2025 00:00:02.904 INFOS [main] org.apache.catalina.startup.Catalina.load L'initialisation du serveur a pris [543] millisecondes
21-Jan-2025 00:00:02.943 INFOS [main] org.apache.catalina.core.StandardService.startInternal Démarrage du service [Catalina]
21-Jan-2025 00:00:02.944 INFOS [main] org.apache.catalina.core.StandardEngine.startInternal Démarrage du moteur de Servlets : [Apache Tomcat/9.0.98]
21-Jan-2025 00:00:02.960 INFOS [main] org.apache.catalina.startup.HostConfig.deployDirectory Déploiement du répertoire d'application web [C:\Users\jwake\Desktop\cnam\info\java\apache-tomcat-9.0.98\webapps\docs]
21-Jan-2025 00:00:03.566 AVERTISSEMENT [main] org.apache.catalina.util.SessionIdGeneratorBase.createSecureRandom La création de l'instance de SecureRandom pour le générateur d'id de session en utilisant [SHA1PRNG] a pris [365] millisecondes
21-Jan-2025 00:00:03.595 INFOS [main] org.apache.catalina.startup.HostConfig.deployDirectory Le déploiement du répertoire [C:\Users\jwake\Desktop\cnam\info\java\apache-tomcat-9.0.98\webapps\docs] de l'application web s'est terminé en [635] ms
21-Jan-2025 00:00:03.596 INFOS [main] org.apache.catalina.startup.HostConfig.deployDirectory Déploiement du répertoire d'application web [C:\Users\jwake\Desktop\cnam\info\java\apache-tomcat-9.0.98\webapps\examples]
21-Jan-2025 00:00:03.931 INFOS [main] org.apache.catalina.startup.HostConfig.deployDirectory Le déploiement du répertoire [C:\Users\jwake\Desktop\cnam\info\java\apache-tomcat-9.0.98\webapps\examples] de l'application web s'est terminé en [334] ms
21-Jan-2025 00:00:03.931 INFOS [main] org.apache.catalina.startup.HostConfig.deployDirectory Déploiement du répertoire d'application web [C:\Users\jwake\Desktop\cnam\info\java\apache-tomcat-9.0.98\webapps\host-manager]
21-Jan-2025 00:00:03.961 INFOS [main] org.apache.catalina.startup.HostConfig.deployDirectory Le déploiement du répertoire [C:\Users\jwake\Desktop\cnam\info\java\apache-tomcat-9.0.98\webapps\host-manager] de l'application web s'est terminé en [30] ms
21-Jan-2025 00:00:03.962 INFOS [main] org.apache.catalina.startup.HostConfig.deployDirectory Déploiement du répertoire d'application web [C:\Users\jwake\Desktop\cnam\info\java\apache-tomcat-9.0.98\webapps\manager]
21-Jan-2025 00:00:03.992 INFOS [main] org.apache.catalina.startup.HostConfig.deployDirectory Le déploiement du répertoire [C:\Users\jwake\Desktop\cnam\info\java\apache-tomcat-9.0.98\webapps\manager] de l'application web s'est terminé en [29] ms
21-Jan-2025 00:00:03.992 INFOS [main] org.apache.catalina.startup.HostConfig.deployDirectory Déploiement du répertoire d'application web [C:\Users\jwake\Desktop\cnam\info\java\apache-tomcat-9.0.98\webapps\ROOT]
21-Jan-2025 00:00:04.144 INFOS [main] org.apache.jasper.servlet.TldScanner.scanJars Au moins un fichier JAR a été analysé pour trouver des TLDs mais il n'en contenait pas, le mode "debug" du journal peut être activé pour obtenir une liste complète de JAR scannés sans succès ; éviter d'analyser des JARs inutilement peut améliorer sensiblement le temps de démarrage et le temps de compilation des JSPs
21-Jan-2025 00:00:04.172 INFOS [main] org.apache.catalina.startup.HostConfig.deployDirectory Le déploiement du répertoire [C:\Users\jwake\Desktop\cnam\info\java\apache-tomcat-9.0.98\webapps\ROOT] de l'application web s'est terminé en [179] ms
21-Jan-2025 00:00:04.181 INFOS [main] org.apache.coyote.AbstractProtocol.start Démarrage du gestionnaire de protocole ["http-nio-8080"]
21-Jan-2025 00:00:04.214 INFOS [main] org.apache.catalina.startup.Catalina.start Le démarrage du serveur a pris [1308] millisecondes
21-Jan-2025 00:01:48.516 INFOS [Thread-2] org.apache.coyote.AbstractProtocol.pause Le gestionnaire de protocole ["http-nio-8080"] est mis en pause
21-Jan-2025 00:01:51.400 INFOS [Thread-2] org.apache.catalina.core.StandardService.stopInternal Arrêt du service [Catalina]
21-Jan-2025 00:01:51.454 INFOS [Thread-2] org.apache.coyote.AbstractProtocol.stop Arrêt du gestionnaire de protocole ["http-nio-8080"]
21-Jan-2025 00:01:51.473 INFOS [Thread-2] org.apache.coyote.AbstractProtocol.destroy Destruction du gestionnaire de protocole ["http-nio-8080"]
